// Jest Snapshot v1, https://goo.gl/fbAQLP

exports[`componenets/nebulas/Image Image renders a <Image /> 1`] = `
.c0 {
  width: 100%;
}

<Image
  alt="Bear"
  src="https://images.unsplash.com/photo-1545906785-193d7758ba91?ixlib=rb-1.2.1&auto=format&fit=crop&w=600&q=80"
>
  <Image
    alt="Bear"
    className="c0"
    src="https://images.unsplash.com/photo-1545906785-193d7758ba91?ixlib=rb-1.2.1&auto=format&fit=crop&w=600&q=80"
  >
    <img
      alt="Bear"
      className="c0"
      src="https://images.unsplash.com/photo-1545906785-193d7758ba91?ixlib=rb-1.2.1&auto=format&fit=crop&w=600&q=80"
    />
  </Image>
</Image>
`;
