// Jest Snapshot v1, https://goo.gl/fbAQLP

exports[`nebulas/Typography/BodyCopy renders a <BodyCopy /> 1`] = `
<div
  class="withStyles-u5urts-0 hbabhV"
>
  <p>
    The Metro Detroit Flag Football League (MDFFL) is an LGBT and straight allied flag football league, changing preconceived societal beliefs about sexual orientation and self-identification.
  </p>
</div>
`;
