// Jest Snapshot v1, https://goo.gl/fbAQLP

exports[`components/nebulas/colors exports black 1`] = `"#303133"`;

exports[`components/nebulas/colors exports grey 1`] = `"#8D8D8F"`;

exports[`components/nebulas/colors exports primary 1`] = `"#1C104E"`;

exports[`components/nebulas/colors exports secondary 1`] = `"#F5A623"`;

exports[`components/nebulas/colors exports white 1`] = `"#FFFFFF"`;
