// Jest Snapshot v1, https://goo.gl/fbAQLP

exports[`nebulas/Typography/FeatureHeadline renders a <Headine /> 1`] = `
.c0 {
  color: #303133;
  font-family: 'Raleway',sans-serif;
  font-weight: 700;
  font-size: 36px;
  text-align: left;
  margin: 0 0 32px;
}

<withStyles>
  <StyledComponent
    forwardedComponent={
      Object {
        "$$typeof": Symbol(react.forward_ref),
        "attrs": Array [],
        "componentStyle": ComponentStyle {
          "componentId": "withStyles-sc-8qn4cd-0",
          "isStatic": false,
          "lastClassName": "c0",
          "rules": Array [
            [Function],
          ],
        },
        "displayName": "withStyles",
        "foldedComponentIds": Array [],
        "render": [Function],
        "styledComponentId": "withStyles-sc-8qn4cd-0",
        "target": "h2",
        "toString": [Function],
        "warnTooManyClasses": [Function],
        "withComponent": [Function],
      }
    }
    forwardedRef={null}
  >
    <h2
      className="c0"
    >
      Mission Statement
    </h2>
  </StyledComponent>
</withStyles>
`;
