// Jest Snapshot v1, https://goo.gl/fbAQLP

exports[`nebulas/Typography/styles returns the default styles 1`] = `
Object {
  "color": "#303133",
  "fontFamily": "'Lato', sans-serif",
  "fontSize": "24px",
  "fontWeight": "normal",
  "lineHeight": "normal",
  "margin": "0 0 32px",
  "textAlign": undefined,
}
`;

exports[`nebulas/Typography/styles returns the specified styles 1`] = `
Object {
  "color": "#FFFFFF",
  "fontFamily": "'Raleway', sans-serif",
  "fontSize": "36px",
  "fontWeight": 800,
  "lineHeight": "normal",
  "margin": "0 0 32px",
  "textAlign": "center",
}
`;
