// Jest Snapshot v1, https://goo.gl/fbAQLP

exports[`components/starts/NavLink renders a link 1`] = `
.c0 {
  color: #FFFFFF;
  font-family: 'Raleway',sans-serif;
  font-size: 16px;
  font-weight: 600;
  -webkit-text-decoration: none;
  text-decoration: none;
}

<NavLink
  text="Button"
  url="/about"
>
  <StyledComponent
    forwardedComponent={
      Object {
        "$$typeof": Symbol(react.forward_ref),
        "attrs": Array [],
        "componentStyle": ComponentStyle {
          "componentId": "NavLink-n9dfc6-0",
          "isStatic": true,
          "lastClassName": "c0",
          "rules": Array [
            "color:",
            "#FFFFFF",
            ";font-family:'Raleway',sans-serif;font-size:16px;font-weight:600;text-decoration:none;",
          ],
        },
        "displayName": "NavLink",
        "foldedComponentIds": Array [],
        "render": [Function],
        "styledComponentId": "NavLink-n9dfc6-0",
        "target": [Function],
        "toString": [Function],
        "warnTooManyClasses": [Function],
        "withComponent": [Function],
        Symbol(Symbol.hasInstance): [Function],
      }
    }
    forwardedRef={null}
    text="Button"
    url="/about"
  >
    <NavLink
      className="c0"
      text="Button"
      url="/about"
    >
      <a
        className="c0"
        href="/about"
      >
        Button
      </a>
    </NavLink>
  </StyledComponent>
</NavLink>
`;
