// Jest Snapshot v1, https://goo.gl/fbAQLP

exports[`pages/index renders an the Document 1`] = `
<html
  lang="en-US"
>
  <Head>
    <link
      href="https://fonts.googleapis.com/css?family=Lato:400,700|Raleway:600,700,800"
      rel="stylesheet"
    />
    <title>
      My Page Title
    </title>
  </Head>
  <body>
    <Main />
    <NextScript />
  </body>
</html>
`;
