// Jest Snapshot v1, https://goo.gl/fbAQLP

exports[`pages/_document renders an the Document 1`] = `
<html
  lang="en-US"
>
  <Head>
    <link
      href="https://fonts.googleapis.com/css?family=Lato:400,700|Raleway:600,700,800"
      rel="stylesheet"
    />
  </Head>
  <body
    style={
      Object {
        "margin": 0,
      }
    }
  >
    <Main />
    <NextScript />
  </body>
</html>
`;
