// Jest Snapshot v1, https://goo.gl/fbAQLP

exports[`pages/index renders an index page 1`] = `
<div>
  <ContentBlock
    className=""
    copy="The bear is super cool and everyone loves him! Click below to find out more!"
    cta={
      Object {
        "external": true,
        "link": "https://google.com",
        "text": "Google",
      }
    }
    headline="Check out the bear!"
    image={
      Object {
        "alt": "Bear",
        "src": "https://images.unsplash.com/photo-1541560584704-f2767960951a?ixlib=rb-1.2.1&ixid=eyJhcHBfaWQiOjEyMDd9&auto=format&fit=crop&w=1856&q=80",
      }
    }
    imageAlign="right"
    textAlign="left"
  />
  <ContentBlock
    className=""
    copy="The bear is super cool and everyone loves him! Click below to find out more!"
    cta={
      Object {
        "external": true,
        "link": "https://google.com",
        "text": "Google",
      }
    }
    headline="Check out the bear!"
    image={null}
    imageAlign="right"
    textAlign="center"
  />
  <ContentBlock
    className=""
    copy="The bear is super cool and everyone loves him! Click below to find out more!"
    cta={
      Object {
        "external": true,
        "link": "https://google.com",
        "text": "Google",
      }
    }
    headline="Check out the bear!"
    image={
      Object {
        "alt": "Bear",
        "src": "https://images.unsplash.com/photo-1541560584704-f2767960951a?ixlib=rb-1.2.1&ixid=eyJhcHBfaWQiOjEyMDd9&auto=format&fit=crop&w=1856&q=80",
      }
    }
    imageAlign="left"
    textAlign="right"
  />
</div>
`;
