// Jest Snapshot v1, https://goo.gl/fbAQLP

exports[`pages/index renders an index page 1`] = `
<withRouter(Unknown)
  router={
    Object {
      "query": Object {
        "slug": "index",
      },
    }
  }
>
  <Component
    router={
      Object {
        "query": Object {
          "slug": "index",
        },
      }
    }
  >
    <HeroBlock__StyledHeroBlock
      body="The bear is a big hero. Everyone is super thankful!"
      cta={
        Object {
          "external": true,
          "text": "Follow the bear!",
          "url": "https://www.facebook.com/groups/bear.inc/",
        }
      }
      headline="The bear is a hero!"
      imgSrc="//images.ctfassets.net/8wpi5cmhr3lg/PLDH0id61xTjbGlkiuEKU/5aa125d518233d0efc2f4a2ea1dabb0e/mark-basarab-723939-unsplash.jpg"
      key="hero-bear"
      type="heroBlock"
    >
      <HeroBlock
        body="The bear is a big hero. Everyone is super thankful!"
        className="HeroBlock__StyledHeroBlock-sc-11igims-0 hLLHTb"
        cta={
          Object {
            "external": true,
            "text": "Follow the bear!",
            "url": "https://www.facebook.com/groups/bear.inc/",
          }
        }
        headline="The bear is a hero!"
        imgSrc="//images.ctfassets.net/8wpi5cmhr3lg/PLDH0id61xTjbGlkiuEKU/5aa125d518233d0efc2f4a2ea1dabb0e/mark-basarab-723939-unsplash.jpg"
        type="heroBlock"
      >
        <div
          className="HeroBlock__StyledHeroBlock-sc-11igims-0 hLLHTb"
        >
          <Col
            align="flex-start"
            padding={null}
            reverse={false}
          >
            <div
              className="Col-inu58n-0 hGiKDQ"
            >
              <Typography__Headline>
                <h1
                  className="Typography__Headline-sc-1h5b1wa-0 gyAxrw"
                >
                  The bear is a hero!
                </h1>
              </Typography__Headline>
              <Typography__BodyCopy
                inverted={true}
                textAlign="left"
              >
                <p
                  className="Typography__BodyCopy-sc-1h5b1wa-2 kuzShD"
                >
                  The bear is a big hero. Everyone is super thankful!
                </p>
              </Typography__BodyCopy>
              <Button__StyledButton
                external={true}
                text="Follow the bear!"
                type="secondary"
                url="https://www.facebook.com/groups/bear.inc/"
              >
                <Button
                  className="Button__StyledButton-sc-19aup1o-0 XdjBx"
                  external={true}
                  onClick={null}
                  text="Follow the bear!"
                  type="secondary"
                  url="https://www.facebook.com/groups/bear.inc/"
                >
                  <a
                    className="Button__StyledButton-sc-19aup1o-0 XdjBx"
                    href="https://www.facebook.com/groups/bear.inc/"
                    rel="noreferrer noopener"
                    target="_blank"
                  >
                    Follow the bear!
                  </a>
                </Button>
              </Button__StyledButton>
            </div>
          </Col>
        </div>
      </HeroBlock>
    </HeroBlock__StyledHeroBlock>
    <ContentBlock
      body="The bear is super cool and everyone loves him! Click below to find out more!"
      cta={
        Object {
          "external": true,
          "text": "Google",
          "url": "https://www.google.com/search?q=Bear",
        }
      }
      headline="Check out the bear!"
      image={
        Object {
          "alt": "Bear",
          "src": "//images.ctfassets.net/8wpi5cmhr3lg/6mW6Tsx5scOYMwocwSskKq/f1bcb0a3f979f7de3e1ba070d0d14f4f/photo-1541560584704-f2767960951a.jpeg",
        }
      }
      imageAlign="left"
      key="bear"
      textAlign="left"
      type="contentBlock"
    >
      <Row
        padding={null}
        reverse={false}
      >
        <div
          className="Row-sc-9u807i-0 JFAzk"
        >
          <Col
            align="center"
            padding={null}
            reverse={false}
          >
            <div
              className="Col-inu58n-0 gxIQq"
            >
              <Image__StyledImage
                alt="Bear"
                fullWidth={true}
                src="//images.ctfassets.net/8wpi5cmhr3lg/6mW6Tsx5scOYMwocwSskKq/f1bcb0a3f979f7de3e1ba070d0d14f4f/photo-1541560584704-f2767960951a.jpeg"
              >
                <img
                  alt="Bear"
                  className="Image__StyledImage-sc-1mf1fvy-0 csemYA"
                  src="//images.ctfassets.net/8wpi5cmhr3lg/6mW6Tsx5scOYMwocwSskKq/f1bcb0a3f979f7de3e1ba070d0d14f4f/photo-1541560584704-f2767960951a.jpeg"
                />
              </Image__StyledImage>
            </div>
          </Col>
          <Col
            align="flex-start"
            padding={65}
            reverse={false}
          >
            <div
              className="Col-inu58n-0 eSkHFm"
            >
              <Typography__FeatureHeadline>
                <h2
                  className="Typography__FeatureHeadline-sc-1h5b1wa-1 ijDGCs"
                >
                  Check out the bear!
                </h2>
              </Typography__FeatureHeadline>
              <Typography__BodyCopy
                inverted={false}
                textAlign="left"
              >
                <p
                  className="Typography__BodyCopy-sc-1h5b1wa-2 cCAEZM"
                >
                  The bear is super cool and everyone loves him! Click below to find out more!
                </p>
              </Typography__BodyCopy>
              <Button__StyledButton
                external={true}
                text="Google"
                type="primary"
                url="https://www.google.com/search?q=Bear"
              >
                <Button
                  className="Button__StyledButton-sc-19aup1o-0 fLJhiI"
                  external={true}
                  onClick={null}
                  text="Google"
                  type="primary"
                  url="https://www.google.com/search?q=Bear"
                >
                  <a
                    className="Button__StyledButton-sc-19aup1o-0 fLJhiI"
                    href="https://www.google.com/search?q=Bear"
                    rel="noreferrer noopener"
                    target="_blank"
                  >
                    Google
                  </a>
                </Button>
              </Button__StyledButton>
            </div>
          </Col>
        </div>
      </Row>
    </ContentBlock>
  </Component>
</withRouter(Unknown)>
`;
